// Jest Snapshot v1, https://goo.gl/fbAQLP

exports[`MainGallery should render gallery 1`] = `
<div>
  gallery
</div>
`;
