// Jest Snapshot v1, https://goo.gl/fbAQLP

exports[`LoginButtonsContainer should render something in container and login buttons 1`] = `
<div>
  <LoginButtons />
</div>
`;
